Added Component: Designator=MH1(MH_3.4)
Add component (AddParameter): Name = "Component Type"; Value = "Mounting Hole"; VariantName = "[No Variations]"
Add component (AddParameter): Name = "ComponentLink1Description"; Value = "Datasheet"; VariantName = "[No Variations]"
Add component (AddParameter): Name = "Created from"; Value = "MHlatky"; VariantName = "[No Variations]"
Add component (AddParameter): Name = "Created On"; Value = "26.01.2021 09:19:51"; VariantName = "[No Variations]"
Add component (AddParameter): Name = "Device Package"; Value = "-"; VariantName = "[No Variations]"
Add component (AddParameter): Name = "Last Updated"; Value = "21.03.2022 23:05:12"; VariantName = "[No Variations]"
Add component (AddParameter): Name = "Live Cycle Status"; Value = "1"; VariantName = "[No Variations]"
Add component (AddParameter): Name = "Manufacturer"; Value = "Mounting Hole"; VariantName = "[No Variations]"
Add component (AddParameter): Name = "Manufacturer Part Number"; Value = "Mounting Hole"; VariantName = "[No Variations]"
Add component (AddParameter): Name = "PartID"; Value = "16"; VariantName = "[No Variations]"
Add component (AddParameter): Name = "Stock number"; Value = "not stored"; VariantName = "[No Variations]"
Add component (AddParameter): Name = "Supplier 1"; Value = "Mounting Hole"; VariantName = "[No Variations]"
Add component (AddParameter): Name = "Supplier Part Number 1"; Value = "Mounting Hole"; VariantName = "[No Variations]"
Add component (AddParameter): Name = "Type"; Value = "Mounting Hole"; VariantName = "[No Variations]"
Add component (AddParameter): Name = "Value"; Value = "Mounting Hole"; VariantName = "[No Variations]"
Added Component: Designator=MH2(MH_3.4)
Add component (AddParameter): Name = "Component Type"; Value = "Mounting Hole"; VariantName = "[No Variations]"
Add component (AddParameter): Name = "ComponentLink1Description"; Value = "Datasheet"; VariantName = "[No Variations]"
Add component (AddParameter): Name = "Created from"; Value = "MHlatky"; VariantName = "[No Variations]"
Add component (AddParameter): Name = "Created On"; Value = "26.01.2021 09:19:51"; VariantName = "[No Variations]"
Add component (AddParameter): Name = "Device Package"; Value = "-"; VariantName = "[No Variations]"
Add component (AddParameter): Name = "Last Updated"; Value = "21.03.2022 23:05:12"; VariantName = "[No Variations]"
Add component (AddParameter): Name = "Live Cycle Status"; Value = "1"; VariantName = "[No Variations]"
Add component (AddParameter): Name = "Manufacturer"; Value = "Mounting Hole"; VariantName = "[No Variations]"
Add component (AddParameter): Name = "Manufacturer Part Number"; Value = "Mounting Hole"; VariantName = "[No Variations]"
Add component (AddParameter): Name = "PartID"; Value = "16"; VariantName = "[No Variations]"
Add component (AddParameter): Name = "Stock number"; Value = "not stored"; VariantName = "[No Variations]"
Add component (AddParameter): Name = "Supplier 1"; Value = "Mounting Hole"; VariantName = "[No Variations]"
Add component (AddParameter): Name = "Supplier Part Number 1"; Value = "Mounting Hole"; VariantName = "[No Variations]"
Add component (AddParameter): Name = "Type"; Value = "Mounting Hole"; VariantName = "[No Variations]"
Add component (AddParameter): Name = "Value"; Value = "Mounting Hole"; VariantName = "[No Variations]"
Added Component: Designator=MH3(MH_3.4)
Add component (AddParameter): Name = "Component Type"; Value = "Mounting Hole"; VariantName = "[No Variations]"
Add component (AddParameter): Name = "ComponentLink1Description"; Value = "Datasheet"; VariantName = "[No Variations]"
Add component (AddParameter): Name = "Created from"; Value = "MHlatky"; VariantName = "[No Variations]"
Add component (AddParameter): Name = "Created On"; Value = "26.01.2021 09:19:51"; VariantName = "[No Variations]"
Add component (AddParameter): Name = "Device Package"; Value = "-"; VariantName = "[No Variations]"
Add component (AddParameter): Name = "Last Updated"; Value = "21.03.2022 23:05:12"; VariantName = "[No Variations]"
Add component (AddParameter): Name = "Live Cycle Status"; Value = "1"; VariantName = "[No Variations]"
Add component (AddParameter): Name = "Manufacturer"; Value = "Mounting Hole"; VariantName = "[No Variations]"
Add component (AddParameter): Name = "Manufacturer Part Number"; Value = "Mounting Hole"; VariantName = "[No Variations]"
Add component (AddParameter): Name = "PartID"; Value = "16"; VariantName = "[No Variations]"
Add component (AddParameter): Name = "Stock number"; Value = "not stored"; VariantName = "[No Variations]"
Add component (AddParameter): Name = "Supplier 1"; Value = "Mounting Hole"; VariantName = "[No Variations]"
Add component (AddParameter): Name = "Supplier Part Number 1"; Value = "Mounting Hole"; VariantName = "[No Variations]"
Add component (AddParameter): Name = "Type"; Value = "Mounting Hole"; VariantName = "[No Variations]"
Add component (AddParameter): Name = "Value"; Value = "Mounting Hole"; VariantName = "[No Variations]"
Added Component: Designator=MH4(MH_3.4)
Add component (AddParameter): Name = "Component Type"; Value = "Mounting Hole"; VariantName = "[No Variations]"
Add component (AddParameter): Name = "ComponentLink1Description"; Value = "Datasheet"; VariantName = "[No Variations]"
Add component (AddParameter): Name = "Created from"; Value = "MHlatky"; VariantName = "[No Variations]"
Add component (AddParameter): Name = "Created On"; Value = "26.01.2021 09:19:51"; VariantName = "[No Variations]"
Add component (AddParameter): Name = "Device Package"; Value = "-"; VariantName = "[No Variations]"
Add component (AddParameter): Name = "Last Updated"; Value = "21.03.2022 23:05:12"; VariantName = "[No Variations]"
Add component (AddParameter): Name = "Live Cycle Status"; Value = "1"; VariantName = "[No Variations]"
Add component (AddParameter): Name = "Manufacturer"; Value = "Mounting Hole"; VariantName = "[No Variations]"
Add component (AddParameter): Name = "Manufacturer Part Number"; Value = "Mounting Hole"; VariantName = "[No Variations]"
Add component (AddParameter): Name = "PartID"; Value = "16"; VariantName = "[No Variations]"
Add component (AddParameter): Name = "Stock number"; Value = "not stored"; VariantName = "[No Variations]"
Add component (AddParameter): Name = "Supplier 1"; Value = "Mounting Hole"; VariantName = "[No Variations]"
Add component (AddParameter): Name = "Supplier Part Number 1"; Value = "Mounting Hole"; VariantName = "[No Variations]"
Add component (AddParameter): Name = "Type"; Value = "Mounting Hole"; VariantName = "[No Variations]"
Add component (AddParameter): Name = "Value"; Value = "Mounting Hole"; VariantName = "[No Variations]"
Add Class: Class already exists: Spannungswandlung
Added Member To Class: ClassName=TopSheet Member=Component MH1 Mounting Hole
Added Member To Class: ClassName=TopSheet Member=Component MH2 Mounting Hole
Added Member To Class: ClassName=TopSheet Member=Component MH3 Mounting Hole
Added Member To Class: ClassName=TopSheet Member=Component MH4 Mounting Hole
