Removed Pin From Net: NetName=+5V_LV Pin=C4-1
Removed Pin From Net: NetName=GND_LV Pin=C4-2
Removed Pin From Net: NetName=+5V_LV Pin=C7-1
Removed Pin From Net: NetName=GND_LV Pin=C7-2
Removed Pin From Net: NetName=GND_HV Pin=C10-1
Removed Pin From Net: NetName=+5V_HV Pin=C10-2
Removed Pin From Net: NetName=GND_HV Pin=C11-1
Removed Pin From Net: NetName=+5V_HV Pin=C11-2
Removed Pin From Net: NetName=GND_HV Pin=C12-1
Removed Pin From Net: NetName=+5V_HV Pin=C12-2
Removed Member From Class: ClassName=Spannungswandlung Member=C4
Removed Member From Class: ClassName=Spannungswandlung Member=C7
Removed Member From Class: ClassName=Spannungswandlung Member=C10
Removed Member From Class: ClassName=Spannungswandlung Member=C11
Removed Member From Class: ClassName=VoltageDivider & Diff AMP Member=C17
Removed Member From Class: ClassName=VoltageDivider & Diff AMP Member=C18
Removed Member From Class: ClassName=TopSheet Member=J8
Change Component Footprint: Designator=C16 Old Footprint=C_0603 New Footprint=C_0805
Change Component Comment : Designator=C16 Old Comment=1 µF New Comment=10 µF
Change Component Designator: OldDesignator=C1 NewDesignator=C6
Change Component Designator: OldDesignator=C2 NewDesignator=C9
Change Component Designator: OldDesignator=C5 NewDesignator=C8
Change Component Designator: OldDesignator=C6 NewDesignator=C11
Change Component Designator: OldDesignator=C8 NewDesignator=C4
Change Component Designator: OldDesignator=C9 NewDesignator=C5
Change Component Designator: OldDesignator=C13 NewDesignator=C12
Change Component Designator: OldDesignator=C14 NewDesignator=C13
Change Component Designator: OldDesignator=C15 NewDesignator=C14
Change Component Designator: OldDesignator=C17 NewDesignator=C1
Change Component Designator: OldDesignator=C18 NewDesignator=C2
Change Component Designator: OldDesignator=C19 NewDesignator=C7
Change Component Designator: OldDesignator=C20 NewDesignator=C10
Change Component Designator: OldDesignator=IC1 NewDesignator=IC2
Change Component Designator: OldDesignator=IC2 NewDesignator=IC1
Change Component Designator: OldDesignator=J3 NewDesignator=J5
Change Component Designator: OldDesignator=J4 NewDesignator=J3
Change Component Designator: OldDesignator=J5 NewDesignator=J2
Change Component Designator: OldDesignator=J8 NewDesignator=J4
Change Component Designator: OldDesignator=R2 NewDesignator=R3
Change Component Designator: OldDesignator=R3 NewDesignator=R2
Change Component Designator: OldDesignator=R10 NewDesignator=R11
Change Component Designator: OldDesignator=R11 NewDesignator=R10
Change component parameters: Designator = "C16" ("C16"); Footprint = "C_0603"; UniqueID = "\EXDMETLJ\UCTFGABH" ("\EXDMETLJ\UCTFGABH")
Change component parameters (AddParameter): Name = "Component Type"; Value = "Capacitor 0805"; VariantName = "[No Variations]"
Change component parameters (AddParameter): Name = "ComponentLink1Description"; Value = "Datasheet"; VariantName = "[No Variations]"
Change component parameters (AddParameter): Name = "ComponentLink1URL"; Value = "https://www.mouser.de/datasheet/2/281/murata_03052018_GRM_Series_1-1310166.pdf"; VariantName = "[No Variations]"
Change component parameters (AddParameter): Name = "Created from"; Value = "MGremer"; VariantName = "[No Variations]"
Change component parameters (AddParameter): Name = "Created On"; Value = "20.12.2020 13:54:13"; VariantName = "[No Variations]"
Change component parameters (AddParameter): Name = "Device Package"; Value = "0805"; VariantName = "[No Variations]"
Change component parameters (AddParameter): Name = "Last Updated"; Value = "27.05.2022 14:14:39"; VariantName = "[No Variations]"
Change component parameters (AddParameter): Name = "LCSC Part Number"; Value = "C15850"; VariantName = "[No Variations]"
Change component parameters (AddParameter): Name = "Live Cycle Status"; Value = "1"; VariantName = "[No Variations]"
Change component parameters (AddParameter): Name = "Manufacturer"; Value = "muRata"; VariantName = "[No Variations]"
Change component parameters (AddParameter): Name = "Manufacturer Part Number"; Value = "GRM219R61E106KA12D"; VariantName = "[No Variations]"
Change component parameters (AddParameter): Name = "Mounting Type"; Value = "SMD"; VariantName = "[No Variations]"
Change component parameters (AddParameter): Name = "Operating Temperature"; Value = "-55 - 85°C"; VariantName = "[No Variations]"
Change component parameters (AddParameter): Name = "PartID"; Value = "13"; VariantName = "[No Variations]"
Change component parameters (AddParameter): Name = "Series"; Value = "GRM"; VariantName = "[No Variations]"
Change component parameters (AddParameter): Name = "Stock number"; Value = "Labor SMD Container"; VariantName = "[No Variations]"
Change component parameters (AddParameter): Name = "Supplier 1"; Value = "Mouser"; VariantName = "[No Variations]"
Change component parameters (AddParameter): Name = "Supplier Part Number 1"; Value = "81-GRM219R61E106KA2D"; VariantName = "[No Variations]"
Change component parameters (AddParameter): Name = "Tolerance"; Value = "10 %"; VariantName = "[No Variations]"
Change component parameters (AddParameter): Name = "Type"; Value = "Capacitor"; VariantName = "[No Variations]"
Change component parameters (AddParameter): Name = "Value"; Value = "10 µF"; VariantName = "[No Variations]"
Change component parameters (AddParameter): Name = "Voltage Rating"; Value = "25 VDC"; VariantName = "[No Variations]"
Added Component: Designator=C15(C_0805)
Add component (AddParameter): Name = "Component Type"; Value = "Capacitor 0805"; VariantName = "[No Variations]"
Add component (AddParameter): Name = "ComponentLink1Description"; Value = "Datasheet"; VariantName = "[No Variations]"
Add component (AddParameter): Name = "ComponentLink1URL"; Value = "https://www.mouser.de/datasheet/2/281/murata_03052018_GRM_Series_1-1310166.pdf"; VariantName = "[No Variations]"
Add component (AddParameter): Name = "Created from"; Value = "MGremer"; VariantName = "[No Variations]"
Add component (AddParameter): Name = "Created On"; Value = "20.12.2020 13:54:13"; VariantName = "[No Variations]"
Add component (AddParameter): Name = "Device Package"; Value = "0805"; VariantName = "[No Variations]"
Add component (AddParameter): Name = "Last Updated"; Value = "27.05.2022 14:14:39"; VariantName = "[No Variations]"
Add component (AddParameter): Name = "LCSC Part Number"; Value = "C15850"; VariantName = "[No Variations]"
Add component (AddParameter): Name = "Live Cycle Status"; Value = "1"; VariantName = "[No Variations]"
Add component (AddParameter): Name = "Manufacturer"; Value = "muRata"; VariantName = "[No Variations]"
Add component (AddParameter): Name = "Manufacturer Part Number"; Value = "GRM219R61E106KA12D"; VariantName = "[No Variations]"
Add component (AddParameter): Name = "Mounting Type"; Value = "SMD"; VariantName = "[No Variations]"
Add component (AddParameter): Name = "Operating Temperature"; Value = "-55 - 85°C"; VariantName = "[No Variations]"
Add component (AddParameter): Name = "PartID"; Value = "13"; VariantName = "[No Variations]"
Add component (AddParameter): Name = "Series"; Value = "GRM"; VariantName = "[No Variations]"
Add component (AddParameter): Name = "Stock number"; Value = "Labor SMD Container"; VariantName = "[No Variations]"
Add component (AddParameter): Name = "Supplier 1"; Value = "Mouser"; VariantName = "[No Variations]"
Add component (AddParameter): Name = "Supplier Part Number 1"; Value = "81-GRM219R61E106KA2D"; VariantName = "[No Variations]"
Add component (AddParameter): Name = "Tolerance"; Value = "10 %"; VariantName = "[No Variations]"
Add component (AddParameter): Name = "Type"; Value = "Capacitor"; VariantName = "[No Variations]"
Add component (AddParameter): Name = "Value"; Value = "10 µF"; VariantName = "[No Variations]"
Add component (AddParameter): Name = "Voltage Rating"; Value = "25 VDC"; VariantName = "[No Variations]"
Added Pin To Net: NetName=+5V_HV Pin=C15-1
Added Pin To Net: NetName=GND_HV Pin=C15-2
Change Net Name : Old Net Name=NetC2_2 New Net Name=NetC9_2
Change Net Name : Old Net Name=NetC5_1 New Net Name=NetC8_1
Change Net Name : Old Net Name=NetC5_2 New Net Name=NetC8_2
Change Net Name : Old Net Name=NetC6_1 New Net Name=NetC10_1
Change Net Name : Old Net Name=NetC6_2 New Net Name=NetC11_2
Change Net Name : Old Net Name=NetIC2_6 New Net Name=NetIC1_6
Change Net Name : Old Net Name=NetIC2_7 New Net Name=NetIC1_7
Change Net Name : Old Net Name=NetR2_1 New Net Name=NetR3_1
Added Member To Class: ClassName=VoltageDivider & Diff AMP Member=Component C8 100 pF
Added Member To Class: ClassName=VoltageDivider & Diff AMP Member=Component C11 1 pF
Added Member To Class: ClassName=TopSheet Member=Component J5 BNC5-J-P-GN-ST-TH2D_new
