Removed Pin From Net: NetName=+5V_HV Pin=IC2-1
Removed Pin From Net: NetName=NetC5_2 Pin=IC2-2
Removed Pin From Net: NetName=NetC5_1 Pin=IC2-3
Removed Pin From Net: NetName=NetC5_1 Pin=IC2-4
Removed Pin From Net: NetName=GND_LV Pin=IC2-5
Removed Pin From Net: NetName=+5V_LV Pin=IC2-8
Removed Member From Class: ClassName=VoltageDivider & Diff AMP Member=IC2
Added Component: Designator=IC?(SOIC127P1725X403-8N)
Add component (AddParameter): Name = "Arrow Part Number"; Value = ""; VariantName = "[No Variations]"
Add component (AddParameter): Name = "Arrow Price/Stock"; Value = ""; VariantName = "[No Variations]"
Add component (AddParameter): Name = "Datasheet Link"; Value = "https://www.ti.com/lit/ds/symlink/amc1411-q1.pdf?HQS=dis-mous-null-mousermode-dsf-pf-null-wwe&ts=1671451088275&ref_url=https%253A%252F%252Fwww.mouser.in%252F"; VariantName = "[No Variations]"
Add component (AddParameter): Name = "Height"; Value = "4.034mm"; VariantName = "[No Variations]"
Add component (AddParameter): Name = "Manufacturer_Name"; Value = "Texas Instruments"; VariantName = "[No Variations]"
Add component (AddParameter): Name = "Manufacturer_Part_Number"; Value = "AMC1411QDWLRQ1"; VariantName = "[No Variations]"
Add component (AddParameter): Name = "Mouser Part Number"; Value = "595-AMC1411QDWLRQ1"; VariantName = "[No Variations]"
Add component (AddParameter): Name = "Mouser Price/Stock"; Value = "https://www.mouser.co.uk/ProductDetail/Texas-Instruments/AMC1411QDWLRQ1?qs=Rp5uXu7WBW9VgWcI1l5sjg%3D%3D"; VariantName = "[No Variations]"
Added Pin To Net: NetName=+5V_HV Pin=IC?-1
Added Pin To Net: NetName=NetC5_2 Pin=IC?-2
Added Pin To Net: NetName=NetC5_1 Pin=IC?-3
Added Pin To Net: NetName=NetC5_1 Pin=IC?-4
Added Pin To Net: NetName=GND_LV Pin=IC?-5
Added Pin To Net: NetName=+5V_LV Pin=IC?-8
Added Pin To Net: NetName=NetIC?_6 Pin=IC?-6
Added Pin To Net: NetName=NetIC?_6 Pin=R10-1
Added Net: Name=NetIC?_6
Added Pin To Net: NetName=NetIC?_7 Pin=IC?-7
Added Pin To Net: NetName=NetIC?_7 Pin=R6-1
Added Net: Name=NetIC?_7
Added Member To Class: ClassName=VoltageDivider & Diff AMP Member=Component IC? AMC1411QDWLRQ1
