Removed Pin From Net: NetName=V_OUT_P Pin=J4-1
Removed Pin From Net: NetName=V_OUT_N Pin=J4-2
Change Component Footprint: Designator=MH1 Old Footprint=MH_3.4 New Footprint=Mounting Hole (M5)
Change Component Footprint: Designator=MH2 Old Footprint=MH_3.4 New Footprint=Mounting Hole (M5)
Change Component Footprint: Designator=MH3 Old Footprint=MH_3.4 New Footprint=Mounting Hole (M5)
Change Component Footprint: Designator=MH4 Old Footprint=MH_3.4 New Footprint=Mounting Hole (M5)
Change Component Comment : Designator=MH1 Old Comment=Mounting Hole New Comment=Mounting_Hole_M5
Change Component Comment : Designator=MH2 Old Comment=Mounting Hole New Comment=Mounting_Hole_M5
Change Component Comment : Designator=MH3 Old Comment=Mounting Hole New Comment=Mounting_Hole_M5
Change Component Comment : Designator=MH4 Old Comment=Mounting Hole New Comment=Mounting_Hole_M5
Change component parameters: Designator = "MH1" ("MH1"); Footprint = "MH_3.4"; UniqueID = "\TCSLQCYY" ("\TCSLQCYY")
Change component parameters: Designator = "MH2" ("MH2"); Footprint = "MH_3.4"; UniqueID = "\XPIWMGFV" ("\XPIWMGFV")
Change component parameters: Designator = "MH3" ("MH3"); Footprint = "MH_3.4"; UniqueID = "\WBVYVJNC" ("\WBVYVJNC")
Change component parameters: Designator = "MH4" ("MH4"); Footprint = "MH_3.4"; UniqueID = "\FMRUTREB" ("\FMRUTREB")
Added Pin To Net: NetName=V_OUT_P Pin=J4-4
Added Pin To Net: NetName=V_OUT_N Pin=J4-5
Add Pin To Net: Unknown Pin: Pin J5-1
Add Pin To Net: Unknown Pin: Pin J5-6
Add Pin To Net: Unknown Pin: Pin J5-10
Add Pin To Net: Unknown Pin: Pin J5-11
Add Class: Class already exists: Spannungswandlung
Add Class Member: Failed to add class member : Component J5 2311765-2
