Removed Pin From Net: NetName=GND_HV Pin=PS1-5
Removed Pin From Net: NetName=+5V_HV Pin=PS1-7
Removed Pin From Net: NetName=GND_LV Pin=PS2-5
Removed Pin From Net: NetName=+5V_LV Pin=PS2-7
Change Component Footprint: Designator=PS1 Old Footprint=PGNM1-S24-S5-S New Footprint=TMA 2405D
Change Component Footprint: Designator=PS2 Old Footprint=PGNM1-S24-S5-S New Footprint=TMA 2405D
Change Component Comment : Designator=PS1 Old Comment=PGNM1-S24-S5-S New Comment=TMA 2405S
Change Component Comment : Designator=PS2 Old Comment=PGNM1-S24-S5-S New Comment=TMA 2405S
Change component parameters: Designator = "PS1" ("PS1"); Footprint = "PGNM1-S24-S5-S"; UniqueID = "\EXDMETLJ\KUAOAZJY" ("\EXDMETLJ\KUAOAZJY")
Change component parameters (AddParameter): Name = "Parameter 1"; Value = ""; VariantName = "[No Variations]"
Change component parameters (AddParameter): Name = "Supplier 1"; Value = "Mouser"; VariantName = "[No Variations]"
Change component parameters (AddParameter): Name = "Supplier Part Number 1"; Value = "495-TMA-2405S"; VariantName = "[No Variations]"
Change component parameters: Designator = "PS2" ("PS2"); Footprint = "PGNM1-S24-S5-S"; UniqueID = "\EXDMETLJ\QPTWPZRQ" ("\EXDMETLJ\QPTWPZRQ")
Change component parameters (AddParameter): Name = "Parameter 1"; Value = ""; VariantName = "[No Variations]"
Change component parameters (AddParameter): Name = "Supplier 1"; Value = "Mouser"; VariantName = "[No Variations]"
Change component parameters (AddParameter): Name = "Supplier Part Number 1"; Value = "495-TMA-2405S"; VariantName = "[No Variations]"
Added Pin To Net: NetName=GND_HV Pin=PS1-4
Added Pin To Net: NetName=+5V_HV Pin=PS1-6
Added Pin To Net: NetName=GND_LV Pin=PS2-4
Added Pin To Net: NetName=+5V_LV Pin=PS2-6
